{
  "version": "1.5.0",
  "plugins_used": [
    {
      "name": "ArtifactoryDetector"
    },
    {
      "name": "AWSKeyDetector"
    },
    {
      "name": "AzureStorageKeyDetector"
    },
    {
      "name": "Base64HighEntropyString",
      "limit": 4.5
    },
    {
      "name": "BasicAuthDetector"
    },
    {
      "name": "CloudantDetector"
    },
    {
      "name": "DiscordBotTokenDetector"
    },
    {
      "name": "GitHubTokenDetector"
    },
    {
      "name": "GitLabTokenDetector"
    },
    {
      "name": "HexHighEntropyString",
      "limit": 3.0
    },
    {
      "name": "IbmCloudIamDetector"
    },
    {
      "name": "IbmCosHmacDetector"
    },
    {
      "name": "IPPublicDetector"
    },
    {
      "name": "JwtTokenDetector"
    },
    {
      "name": "KeywordDetector",
      "keyword_exclude": ""
    },
    {
      "name": "MailchimpDetector"
    },
    {
      "name": "NpmDetector"
    },
    {
      "name": "OpenAIDetector"
    },
    {
      "name": "PrivateKeyDetector"
    },
    {
      "name": "PypiTokenDetector"
    },
    {
      "name": "SendGridDetector"
    },
    {
      "name": "SlackDetector"
    },
    {
      "name": "SoftlayerDetector"
    },
    {
      "name": "SquareOAuthDetector"
    },
    {
      "name": "StripeDetector"
    },
    {
      "name": "TelegramBotTokenDetector"
    },
    {
      "name": "TwilioKeyDetector"
    }
  ],
  "filters_used": [
    {
      "path": "detect_secrets.filters.allowlist.is_line_allowlisted"
    },
    {
      "path": "detect_secrets.filters.common.is_ignored_due_to_verification_policies",
      "min_level": 2
    },
    {
      "path": "detect_secrets.filters.heuristic.is_indirect_reference"
    },
    {
      "path": "detect_secrets.filters.heuristic.is_likely_id_string"
    },
    {
      "path": "detect_secrets.filters.heuristic.is_lock_file"
    },
    {
      "path": "detect_secrets.filters.heuristic.is_not_alphanumeric_string"
    },
    {
      "path": "detect_secrets.filters.heuristic.is_potential_uuid"
    },
    {
      "path": "detect_secrets.filters.heuristic.is_prefixed_with_dollar_sign"
    },
    {
      "path": "detect_secrets.filters.heuristic.is_sequential_string"
    },
    {
      "path": "detect_secrets.filters.heuristic.is_swagger_file"
    },
    {
      "path": "detect_secrets.filters.heuristic.is_templated_secret"
    },
    {
      "path": "detect_secrets.filters.regex.should_exclude_file",
      "pattern": [
        "^\\.git/"
      ]
    }
  ],
  "results": {
    ".github/workflows/pr-check.yml": [
      {
        "type": "Hex High Entropy String",
        "filename": ".github/workflows/pr-check.yml",
        "hashed_secret": "fa20c07bd6dc7b90cb389eef0e815bbda0b1d079",
        "is_verified": false,
        "line_number": 8
      }
    ],
    ".github/workflows/sync.yml": [
      {
        "type": "Hex High Entropy String",
        "filename": ".github/workflows/sync.yml",
        "hashed_secret": "fa20c07bd6dc7b90cb389eef0e815bbda0b1d079",
        "is_verified": false,
        "line_number": 9
      }
    ],
    "sources/MANIFEST.json": [
      {
        "type": "Hex High Entropy String",
        "filename": "sources/MANIFEST.json",
        "hashed_secret": "3f389157ea94bc2ccf88c671dc7fb9f89e9d9b15",
        "is_verified": false,
        "line_number": 9
      },
      {
        "type": "Hex High Entropy String",
        "filename": "sources/MANIFEST.json",
        "hashed_secret": "7c3fe002eb9465ca0a296d9eab39caa6420de6e0",
        "is_verified": false,
        "line_number": 29
      },
      {
        "type": "Hex High Entropy String",
        "filename": "sources/MANIFEST.json",
        "hashed_secret": "ecbc8a4d588297a3dd3dc85f80732810fa7b816a",
        "is_verified": false,
        "line_number": 59
      },
      {
        "type": "Hex High Entropy String",
        "filename": "sources/MANIFEST.json",
        "hashed_secret": "2090de3497eb7c337257dd28625d49bf874b45d8",
        "is_verified": false,
        "line_number": 69
      },
      {
        "type": "Hex High Entropy String",
        "filename": "sources/MANIFEST.json",
        "hashed_secret": "9180f6a8bc0f7c197533fe8a1d0f6b5b25433f28",
        "is_verified": false,
        "line_number": 99
      },
      {
        "type": "Hex High Entropy String",
        "filename": "sources/MANIFEST.json",
        "hashed_secret": "de1d2e3ee96cc5de19aa501c24fba67b1c14f7ec",
        "is_verified": false,
        "line_number": 109
      },
      {
        "type": "Hex High Entropy String",
        "filename": "sources/MANIFEST.json",
        "hashed_secret": "12388c95615fbf6190e3e26783fb88e50c2dad98",
        "is_verified": false,
        "line_number": 129
      },
      {
        "type": "Hex High Entropy String",
        "filename": "sources/MANIFEST.json",
        "hashed_secret": "41932d5d7e4424bb46c906b6b5214e532347c444",
        "is_verified": false,
        "line_number": 139
      },
      {
        "type": "Hex High Entropy String",
        "filename": "sources/MANIFEST.json",
        "hashed_secret": "8f961f60d8b33c5e7bcb721ac17f756e3eea74a3",
        "is_verified": false,
        "line_number": 159
      },
      {
        "type": "Hex High Entropy String",
        "filename": "sources/MANIFEST.json",
        "hashed_secret": "8c565c0a7df52462ea5cc0196b768e126b2d348a",
        "is_verified": false,
        "line_number": 169
      },
      {
        "type": "Hex High Entropy String",
        "filename": "sources/MANIFEST.json",
        "hashed_secret": "faedd19c80c9286b442bc1723f9b8f4650c83453",
        "is_verified": false,
        "line_number": 179
      },
      {
        "type": "Hex High Entropy String",
        "filename": "sources/MANIFEST.json",
        "hashed_secret": "fa20c07bd6dc7b90cb389eef0e815bbda0b1d079",
        "is_verified": false,
        "line_number": 199
      },
      {
        "type": "Hex High Entropy String",
        "filename": "sources/MANIFEST.json",
        "hashed_secret": "fa0a19a6792c2ef0415d0b2edcb1843364dd5c59",
        "is_verified": false,
        "line_number": 209
      },
      {
        "type": "Hex High Entropy String",
        "filename": "sources/MANIFEST.json",
        "hashed_secret": "69b2f8185297c0eae7a77eabcf26f181eb94e01a",
        "is_verified": false,
        "line_number": 219
      },
      {
        "type": "Hex High Entropy String",
        "filename": "sources/MANIFEST.json",
        "hashed_secret": "ccdd8c75195c360ed64c67fb6d0b4b642f01883f",
        "is_verified": false,
        "line_number": 239
      },
      {
        "type": "Hex High Entropy String",
        "filename": "sources/MANIFEST.json",
        "hashed_secret": "4d0a828d474a6d8ab94637912e07d7ae1edb8135",
        "is_verified": false,
        "line_number": 249
      },
      {
        "type": "Hex High Entropy String",
        "filename": "sources/MANIFEST.json",
        "hashed_secret": "9e8be963875c54e49a621b2af9abc7b0f0d1f1b1",
        "is_verified": false,
        "line_number": 279
      },
      {
        "type": "Hex High Entropy String",
        "filename": "sources/MANIFEST.json",
        "hashed_secret": "708701183b160f96c2826100592c2b01b0d1665c",
        "is_verified": false,
        "line_number": 299
      },
      {
        "type": "Hex High Entropy String",
        "filename": "sources/MANIFEST.json",
        "hashed_secret": "f29d6e424c8ad1d82ac836d94058c60fb89a1c2c",
        "is_verified": false,
        "line_number": 309
      },
      {
        "type": "Hex High Entropy String",
        "filename": "sources/MANIFEST.json",
        "hashed_secret": "12af6700b2594a79efab7c41b608701b00b7c56a",
        "is_verified": false,
        "line_number": 319
      },
      {
        "type": "Hex High Entropy String",
        "filename": "sources/MANIFEST.json",
        "hashed_secret": "6c3ee9c798a6ae8718a62c65acf9f9e5535d70cd",
        "is_verified": false,
        "line_number": 329
      },
      {
        "type": "Hex High Entropy String",
        "filename": "sources/MANIFEST.json",
        "hashed_secret": "5dc2e72aedd17722ad54d67ddcce4338f6e64d0b",
        "is_verified": false,
        "line_number": 339
      },
      {
        "type": "Hex High Entropy String",
        "filename": "sources/MANIFEST.json",
        "hashed_secret": "e5845e9aa2db069721f10cf730aa0d195f676e49",
        "is_verified": false,
        "line_number": 349
      },
      {
        "type": "Hex High Entropy String",
        "filename": "sources/MANIFEST.json",
        "hashed_secret": "a273a114b60d57d5fcf7190b64b02b0beaaf07ef",
        "is_verified": false,
        "line_number": 369
      },
      {
        "type": "Hex High Entropy String",
        "filename": "sources/MANIFEST.json",
        "hashed_secret": "71da4870c7752a297e20275965b7706890111d87",
        "is_verified": false,
        "line_number": 389
      },
      {
        "type": "Hex High Entropy String",
        "filename": "sources/MANIFEST.json",
        "hashed_secret": "2fe0ae6fa6649cb51ffc9a13e2940d14d148af97",
        "is_verified": false,
        "line_number": 459
      },
      {
        "type": "Hex High Entropy String",
        "filename": "sources/MANIFEST.json",
        "hashed_secret": "bece19d8bcc90ca1b6781c57b0822511139d3946",
        "is_verified": false,
        "line_number": 499
      },
      {
        "type": "Hex High Entropy String",
        "filename": "sources/MANIFEST.json",
        "hashed_secret": "ced42f974d90a563eaaff5e4783e4dc71b5551fb",
        "is_verified": false,
        "line_number": 509
      }
    ],
    "sources/docs/agile/boards/index.jsonl": [
      {
        "type": "Hex High Entropy String",
        "filename": "sources/docs/agile/boards/index.jsonl",
        "hashed_secret": "9d3bc11a1c6c46f0703bde7837b7283b6bbb3910",
        "is_verified": false,
        "line_number": 10
      }
    ],
    "sources/docs/agile/tasks/--title Phase 12 \u2014 Docs and Developer Experience.md": [
      {
        "type": "Hex High Entropy String",
        "filename": "sources/docs/agile/tasks/--title Phase 12 \u2014 Docs and Developer Experience.md",
        "hashed_secret": "9d3bc11a1c6c46f0703bde7837b7283b6bbb3910",
        "is_verified": false,
        "line_number": 13
      }
    ],
    "sources/gates-pr35-hardening-main/spec/backend-issues/TEST-001-fix-test-runner.md": [
      {
        "type": "Hex High Entropy String",
        "filename": "sources/gates-pr35-hardening-main/spec/backend-issues/TEST-001-fix-test-runner.md",
        "hashed_secret": "b628ad4170b3e3e2bae2e411f4132404a4ea7c93",
        "is_verified": false,
        "line_number": 48
      }
    ],
    "sources/orgs/octave-commons/gates-of-aker/spec/backend-issues/TEST-001-fix-test-runner.md": [
      {
        "type": "Hex High Entropy String",
        "filename": "sources/orgs/octave-commons/gates-of-aker/spec/backend-issues/TEST-001-fix-test-runner.md",
        "hashed_secret": "b628ad4170b3e3e2bae2e411f4132404a4ea7c93",
        "is_verified": false,
        "line_number": 48
      }
    ],
    "sources/orgs/octave-commons/promethean/docs/agile/boards/index.jsonl": [
      {
        "type": "Hex High Entropy String",
        "filename": "sources/orgs/octave-commons/promethean/docs/agile/boards/index.jsonl",
        "hashed_secret": "75e8a2bb7f686b311322e629b80c88dfb82e08b1",
        "is_verified": false,
        "line_number": 83
      },
      {
        "type": "Hex High Entropy String",
        "filename": "sources/orgs/octave-commons/promethean/docs/agile/boards/index.jsonl",
        "hashed_secret": "cc08a8a7150504e379cc101693ca780f32639a48",
        "is_verified": false,
        "line_number": 122
      },
      {
        "type": "Hex High Entropy String",
        "filename": "sources/orgs/octave-commons/promethean/docs/agile/boards/index.jsonl",
        "hashed_secret": "a4da1fef5e18a36a55f47a3e42969a66bfa130ae",
        "is_verified": false,
        "line_number": 123
      },
      {
        "type": "Hex High Entropy String",
        "filename": "sources/orgs/octave-commons/promethean/docs/agile/boards/index.jsonl",
        "hashed_secret": "b13028a4ac70f99f01e152ef3a6f3df2c676e5c5",
        "is_verified": false,
        "line_number": 129
      },
      {
        "type": "Hex High Entropy String",
        "filename": "sources/orgs/octave-commons/promethean/docs/agile/boards/index.jsonl",
        "hashed_secret": "d26651c77991b942bbc3d2da3fa4ea6923a4db54",
        "is_verified": false,
        "line_number": 192
      },
      {
        "type": "Hex High Entropy String",
        "filename": "sources/orgs/octave-commons/promethean/docs/agile/boards/index.jsonl",
        "hashed_secret": "d2e7c15080be65706e9f1892d5a1697fec6a9dd9",
        "is_verified": false,
        "line_number": 209
      },
      {
        "type": "Hex High Entropy String",
        "filename": "sources/orgs/octave-commons/promethean/docs/agile/boards/index.jsonl",
        "hashed_secret": "1393b2698fa5a5b8133eb9e9916814d4fd0912bd",
        "is_verified": false,
        "line_number": 213
      },
      {
        "type": "Hex High Entropy String",
        "filename": "sources/orgs/octave-commons/promethean/docs/agile/boards/index.jsonl",
        "hashed_secret": "023214ed9c6880896be40c0f75f1e5c2184ae3ca",
        "is_verified": false,
        "line_number": 232
      },
      {
        "type": "Hex High Entropy String",
        "filename": "sources/orgs/octave-commons/promethean/docs/agile/boards/index.jsonl",
        "hashed_secret": "a935c37aca91d182c4dcc088c0e1a761431a4601",
        "is_verified": false,
        "line_number": 240
      },
      {
        "type": "Hex High Entropy String",
        "filename": "sources/orgs/octave-commons/promethean/docs/agile/boards/index.jsonl",
        "hashed_secret": "6990d944f62a0faf471c8ac6cad5a85a5d01a67d",
        "is_verified": false,
        "line_number": 293
      },
      {
        "type": "Hex High Entropy String",
        "filename": "sources/orgs/octave-commons/promethean/docs/agile/boards/index.jsonl",
        "hashed_secret": "e0a1e0d5e37c717c400350bd3e18059134b9b69e",
        "is_verified": false,
        "line_number": 294
      },
      {
        "type": "Hex High Entropy String",
        "filename": "sources/orgs/octave-commons/promethean/docs/agile/boards/index.jsonl",
        "hashed_secret": "a64e5964540bd0569c24c1ee9cf557dabb08b34a",
        "is_verified": false,
        "line_number": 308
      },
      {
        "type": "Hex High Entropy String",
        "filename": "sources/orgs/octave-commons/promethean/docs/agile/boards/index.jsonl",
        "hashed_secret": "799b8e9db39fdcc978e3ae0a954ecf2d0ebd4dd1",
        "is_verified": false,
        "line_number": 404
      },
      {
        "type": "Secret Keyword",
        "filename": "sources/orgs/octave-commons/promethean/docs/agile/boards/index.jsonl",
        "hashed_secret": "11fa7c37d697f30e6aee828b4426a10f83ab2380",
        "is_verified": false,
        "line_number": 531
      },
      {
        "type": "Secret Keyword",
        "filename": "sources/orgs/octave-commons/promethean/docs/agile/boards/index.jsonl",
        "hashed_secret": "bec262808ffd307630f5d167bb7aaf470eabbe6b",
        "is_verified": false,
        "line_number": 549
      }
    ],
    "sources/orgs/octave-commons/promethean/docs/agile/tasks/0c3189e4-implementation-guide.md": [
      {
        "type": "Hex High Entropy String",
        "filename": "sources/orgs/octave-commons/promethean/docs/agile/tasks/0c3189e4-implementation-guide.md",
        "hashed_secret": "6990d944f62a0faf471c8ac6cad5a85a5d01a67d",
        "is_verified": false,
        "line_number": 57
      }
    ],
    "sources/orgs/octave-commons/promethean/docs/agile/tasks/2025.10.08.15.30.00-fix-kanban-config-resolution.md": [
      {
        "type": "Hex High Entropy String",
        "filename": "sources/orgs/octave-commons/promethean/docs/agile/tasks/2025.10.08.15.30.00-fix-kanban-config-resolution.md",
        "hashed_secret": "a4da1fef5e18a36a55f47a3e42969a66bfa130ae",
        "is_verified": false,
        "line_number": 13
      }
    ],
    "sources/orgs/octave-commons/promethean/docs/agile/tasks/2025.10.17.01.52.01-implement-benchmarking-suite-with-criterium.md": [
      {
        "type": "Hex High Entropy String",
        "filename": "sources/orgs/octave-commons/promethean/docs/agile/tasks/2025.10.17.01.52.01-implement-benchmarking-suite-with-criterium.md",
        "hashed_secret": "6990d944f62a0faf471c8ac6cad5a85a5d01a67d",
        "is_verified": false,
        "line_number": 13
      }
    ],
    "sources/orgs/octave-commons/promethean/docs/agile/tasks/20251011235145.md": [
      {
        "type": "Hex High Entropy String",
        "filename": "sources/orgs/octave-commons/promethean/docs/agile/tasks/20251011235145.md",
        "hashed_secret": "b13028a4ac70f99f01e152ef3a6f3df2c676e5c5",
        "is_verified": false,
        "line_number": 13
      }
    ],
    "sources/orgs/octave-commons/promethean/docs/agile/tasks/Build Compliance Validation Engine.md": [
      {
        "type": "Hex High Entropy String",
        "filename": "sources/orgs/octave-commons/promethean/docs/agile/tasks/Build Compliance Validation Engine.md",
        "hashed_secret": "a64e5964540bd0569c24c1ee9cf557dabb08b34a",
        "is_verified": false,
        "line_number": 13
      }
    ],
    "sources/orgs/octave-commons/promethean/docs/agile/tasks/CONSOLIDATION_TASK_BREAKDOWN_SUMMARY.md": [
      {
        "type": "Hex High Entropy String",
        "filename": "sources/orgs/octave-commons/promethean/docs/agile/tasks/CONSOLIDATION_TASK_BREAKDOWN_SUMMARY.md",
        "hashed_secret": "6990d944f62a0faf471c8ac6cad5a85a5d01a67d",
        "is_verified": false,
        "line_number": 61
      }
    ],
    "sources/orgs/octave-commons/promethean/docs/agile/tasks/GitWorkflow-implement-core-integration-5791f7ad.md": [
      {
        "type": "Hex High Entropy String",
        "filename": "sources/orgs/octave-commons/promethean/docs/agile/tasks/GitWorkflow-implement-core-integration-5791f7ad.md",
        "hashed_secret": "d2e7c15080be65706e9f1892d5a1697fec6a9dd9",
        "is_verified": false,
        "line_number": 13
      }
    ],
    "sources/orgs/octave-commons/promethean/docs/agile/tasks/Implement Alert & Notification System.md": [
      {
        "type": "Hex High Entropy String",
        "filename": "sources/orgs/octave-commons/promethean/docs/agile/tasks/Implement Alert & Notification System.md",
        "hashed_secret": "cc08a8a7150504e379cc101693ca780f32639a48",
        "is_verified": false,
        "line_number": 13
      }
    ],
    "sources/orgs/octave-commons/promethean/docs/agile/tasks/Implement FileSystemWatcher.md": [
      {
        "type": "Hex High Entropy String",
        "filename": "sources/orgs/octave-commons/promethean/docs/agile/tasks/Implement FileSystemWatcher.md",
        "hashed_secret": "a935c37aca91d182c4dcc088c0e1a761431a4601",
        "is_verified": false,
        "line_number": 13
      }
    ],
    "sources/orgs/octave-commons/promethean/docs/agile/tasks/Implement LLM-powered kanban explain command.md": [
      {
        "type": "Hex High Entropy String",
        "filename": "sources/orgs/octave-commons/promethean/docs/agile/tasks/Implement LLM-powered kanban explain command.md",
        "hashed_secret": "1393b2698fa5a5b8133eb9e9916814d4fd0912bd",
        "is_verified": false,
        "line_number": 14
      }
    ],
    "sources/orgs/octave-commons/promethean/docs/agile/tasks/Implement plugin hook types (plugin-parity-001).md": [
      {
        "type": "Hex High Entropy String",
        "filename": "sources/orgs/octave-commons/promethean/docs/agile/tasks/Implement plugin hook types (plugin-parity-001).md",
        "hashed_secret": "799b8e9db39fdcc978e3ae0a954ecf2d0ebd4dd1",
        "is_verified": false,
        "line_number": 13
      }
    ],
    "sources/orgs/octave-commons/promethean/docs/agile/tasks/P0-Security-Task-Breakdown-Analysis.md": [
      {
        "type": "Hex High Entropy String",
        "filename": "sources/orgs/octave-commons/promethean/docs/agile/tasks/P0-Security-Task-Breakdown-Analysis.md",
        "hashed_secret": "6990d944f62a0faf471c8ac6cad5a85a5d01a67d",
        "is_verified": false,
        "line_number": 60
      }
    ],
    "sources/orgs/octave-commons/promethean/docs/agile/tasks/implement-separate-test-coverage-pipelines.md": [
      {
        "type": "Hex High Entropy String",
        "filename": "sources/orgs/octave-commons/promethean/docs/agile/tasks/implement-separate-test-coverage-pipelines.md",
        "hashed_secret": "d26651c77991b942bbc3d2da3fa4ea6923a4db54",
        "is_verified": false,
        "line_number": 13
      }
    ],
    "sources/orgs/riatzukiza/promethean/docs/agile/boards/index.jsonl": [
      {
        "type": "Hex High Entropy String",
        "filename": "sources/orgs/riatzukiza/promethean/docs/agile/boards/index.jsonl",
        "hashed_secret": "75e8a2bb7f686b311322e629b80c88dfb82e08b1",
        "is_verified": false,
        "line_number": 83
      },
      {
        "type": "Hex High Entropy String",
        "filename": "sources/orgs/riatzukiza/promethean/docs/agile/boards/index.jsonl",
        "hashed_secret": "cc08a8a7150504e379cc101693ca780f32639a48",
        "is_verified": false,
        "line_number": 122
      },
      {
        "type": "Hex High Entropy String",
        "filename": "sources/orgs/riatzukiza/promethean/docs/agile/boards/index.jsonl",
        "hashed_secret": "a4da1fef5e18a36a55f47a3e42969a66bfa130ae",
        "is_verified": false,
        "line_number": 123
      },
      {
        "type": "Hex High Entropy String",
        "filename": "sources/orgs/riatzukiza/promethean/docs/agile/boards/index.jsonl",
        "hashed_secret": "b13028a4ac70f99f01e152ef3a6f3df2c676e5c5",
        "is_verified": false,
        "line_number": 129
      },
      {
        "type": "Hex High Entropy String",
        "filename": "sources/orgs/riatzukiza/promethean/docs/agile/boards/index.jsonl",
        "hashed_secret": "d26651c77991b942bbc3d2da3fa4ea6923a4db54",
        "is_verified": false,
        "line_number": 192
      },
      {
        "type": "Hex High Entropy String",
        "filename": "sources/orgs/riatzukiza/promethean/docs/agile/boards/index.jsonl",
        "hashed_secret": "d2e7c15080be65706e9f1892d5a1697fec6a9dd9",
        "is_verified": false,
        "line_number": 209
      },
      {
        "type": "Hex High Entropy String",
        "filename": "sources/orgs/riatzukiza/promethean/docs/agile/boards/index.jsonl",
        "hashed_secret": "1393b2698fa5a5b8133eb9e9916814d4fd0912bd",
        "is_verified": false,
        "line_number": 213
      },
      {
        "type": "Hex High Entropy String",
        "filename": "sources/orgs/riatzukiza/promethean/docs/agile/boards/index.jsonl",
        "hashed_secret": "023214ed9c6880896be40c0f75f1e5c2184ae3ca",
        "is_verified": false,
        "line_number": 232
      },
      {
        "type": "Hex High Entropy String",
        "filename": "sources/orgs/riatzukiza/promethean/docs/agile/boards/index.jsonl",
        "hashed_secret": "a935c37aca91d182c4dcc088c0e1a761431a4601",
        "is_verified": false,
        "line_number": 240
      },
      {
        "type": "Hex High Entropy String",
        "filename": "sources/orgs/riatzukiza/promethean/docs/agile/boards/index.jsonl",
        "hashed_secret": "6990d944f62a0faf471c8ac6cad5a85a5d01a67d",
        "is_verified": false,
        "line_number": 293
      },
      {
        "type": "Hex High Entropy String",
        "filename": "sources/orgs/riatzukiza/promethean/docs/agile/boards/index.jsonl",
        "hashed_secret": "e0a1e0d5e37c717c400350bd3e18059134b9b69e",
        "is_verified": false,
        "line_number": 294
      },
      {
        "type": "Hex High Entropy String",
        "filename": "sources/orgs/riatzukiza/promethean/docs/agile/boards/index.jsonl",
        "hashed_secret": "a64e5964540bd0569c24c1ee9cf557dabb08b34a",
        "is_verified": false,
        "line_number": 308
      },
      {
        "type": "Hex High Entropy String",
        "filename": "sources/orgs/riatzukiza/promethean/docs/agile/boards/index.jsonl",
        "hashed_secret": "799b8e9db39fdcc978e3ae0a954ecf2d0ebd4dd1",
        "is_verified": false,
        "line_number": 404
      },
      {
        "type": "Secret Keyword",
        "filename": "sources/orgs/riatzukiza/promethean/docs/agile/boards/index.jsonl",
        "hashed_secret": "11fa7c37d697f30e6aee828b4426a10f83ab2380",
        "is_verified": false,
        "line_number": 531
      },
      {
        "type": "Secret Keyword",
        "filename": "sources/orgs/riatzukiza/promethean/docs/agile/boards/index.jsonl",
        "hashed_secret": "bec262808ffd307630f5d167bb7aaf470eabbe6b",
        "is_verified": false,
        "line_number": 549
      }
    ],
    "sources/orgs/riatzukiza/promethean/docs/agile/tasks/0c3189e4-implementation-guide.md": [
      {
        "type": "Hex High Entropy String",
        "filename": "sources/orgs/riatzukiza/promethean/docs/agile/tasks/0c3189e4-implementation-guide.md",
        "hashed_secret": "6990d944f62a0faf471c8ac6cad5a85a5d01a67d",
        "is_verified": false,
        "line_number": 57
      }
    ],
    "sources/orgs/riatzukiza/promethean/docs/agile/tasks/2025.10.08.15.30.00-fix-kanban-config-resolution.md": [
      {
        "type": "Hex High Entropy String",
        "filename": "sources/orgs/riatzukiza/promethean/docs/agile/tasks/2025.10.08.15.30.00-fix-kanban-config-resolution.md",
        "hashed_secret": "a4da1fef5e18a36a55f47a3e42969a66bfa130ae",
        "is_verified": false,
        "line_number": 13
      }
    ],
    "sources/orgs/riatzukiza/promethean/docs/agile/tasks/2025.10.17.01.52.01-implement-benchmarking-suite-with-criterium.md": [
      {
        "type": "Hex High Entropy String",
        "filename": "sources/orgs/riatzukiza/promethean/docs/agile/tasks/2025.10.17.01.52.01-implement-benchmarking-suite-with-criterium.md",
        "hashed_secret": "6990d944f62a0faf471c8ac6cad5a85a5d01a67d",
        "is_verified": false,
        "line_number": 13
      }
    ],
    "sources/orgs/riatzukiza/promethean/docs/agile/tasks/20251011235145.md": [
      {
        "type": "Hex High Entropy String",
        "filename": "sources/orgs/riatzukiza/promethean/docs/agile/tasks/20251011235145.md",
        "hashed_secret": "b13028a4ac70f99f01e152ef3a6f3df2c676e5c5",
        "is_verified": false,
        "line_number": 13
      }
    ],
    "sources/orgs/riatzukiza/promethean/docs/agile/tasks/Build Compliance Validation Engine.md": [
      {
        "type": "Hex High Entropy String",
        "filename": "sources/orgs/riatzukiza/promethean/docs/agile/tasks/Build Compliance Validation Engine.md",
        "hashed_secret": "a64e5964540bd0569c24c1ee9cf557dabb08b34a",
        "is_verified": false,
        "line_number": 13
      }
    ],
    "sources/orgs/riatzukiza/promethean/docs/agile/tasks/CONSOLIDATION_TASK_BREAKDOWN_SUMMARY.md": [
      {
        "type": "Hex High Entropy String",
        "filename": "sources/orgs/riatzukiza/promethean/docs/agile/tasks/CONSOLIDATION_TASK_BREAKDOWN_SUMMARY.md",
        "hashed_secret": "6990d944f62a0faf471c8ac6cad5a85a5d01a67d",
        "is_verified": false,
        "line_number": 61
      }
    ],
    "sources/orgs/riatzukiza/promethean/docs/agile/tasks/GitWorkflow-implement-core-integration-5791f7ad.md": [
      {
        "type": "Hex High Entropy String",
        "filename": "sources/orgs/riatzukiza/promethean/docs/agile/tasks/GitWorkflow-implement-core-integration-5791f7ad.md",
        "hashed_secret": "d2e7c15080be65706e9f1892d5a1697fec6a9dd9",
        "is_verified": false,
        "line_number": 13
      }
    ],
    "sources/orgs/riatzukiza/promethean/docs/agile/tasks/Implement Alert & Notification System.md": [
      {
        "type": "Hex High Entropy String",
        "filename": "sources/orgs/riatzukiza/promethean/docs/agile/tasks/Implement Alert & Notification System.md",
        "hashed_secret": "cc08a8a7150504e379cc101693ca780f32639a48",
        "is_verified": false,
        "line_number": 13
      }
    ],
    "sources/orgs/riatzukiza/promethean/docs/agile/tasks/Implement FileSystemWatcher.md": [
      {
        "type": "Hex High Entropy String",
        "filename": "sources/orgs/riatzukiza/promethean/docs/agile/tasks/Implement FileSystemWatcher.md",
        "hashed_secret": "a935c37aca91d182c4dcc088c0e1a761431a4601",
        "is_verified": false,
        "line_number": 13
      }
    ],
    "sources/orgs/riatzukiza/promethean/docs/agile/tasks/Implement LLM-powered kanban explain command.md": [
      {
        "type": "Hex High Entropy String",
        "filename": "sources/orgs/riatzukiza/promethean/docs/agile/tasks/Implement LLM-powered kanban explain command.md",
        "hashed_secret": "1393b2698fa5a5b8133eb9e9916814d4fd0912bd",
        "is_verified": false,
        "line_number": 14
      }
    ],
    "sources/orgs/riatzukiza/promethean/docs/agile/tasks/Implement plugin hook types (plugin-parity-001).md": [
      {
        "type": "Hex High Entropy String",
        "filename": "sources/orgs/riatzukiza/promethean/docs/agile/tasks/Implement plugin hook types (plugin-parity-001).md",
        "hashed_secret": "799b8e9db39fdcc978e3ae0a954ecf2d0ebd4dd1",
        "is_verified": false,
        "line_number": 13
      }
    ],
    "sources/orgs/riatzukiza/promethean/docs/agile/tasks/P0-Security-Task-Breakdown-Analysis.md": [
      {
        "type": "Hex High Entropy String",
        "filename": "sources/orgs/riatzukiza/promethean/docs/agile/tasks/P0-Security-Task-Breakdown-Analysis.md",
        "hashed_secret": "6990d944f62a0faf471c8ac6cad5a85a5d01a67d",
        "is_verified": false,
        "line_number": 60
      }
    ],
    "sources/orgs/riatzukiza/promethean/docs/agile/tasks/implement-separate-test-coverage-pipelines.md": [
      {
        "type": "Hex High Entropy String",
        "filename": "sources/orgs/riatzukiza/promethean/docs/agile/tasks/implement-separate-test-coverage-pipelines.md",
        "hashed_secret": "d26651c77991b942bbc3d2da3fa4ea6923a4db54",
        "is_verified": false,
        "line_number": 13
      }
    ],
    "sources/orgs/ussyverse/openclawssy/docs/specs/CONFIG.md": [
      {
        "type": "Secret Keyword",
        "filename": "sources/orgs/ussyverse/openclawssy/docs/specs/CONFIG.md",
        "hashed_secret": "02ecb94373bfb3dfe827ca18409f50b016e8302a",
        "is_verified": false,
        "line_number": 91
      },
      {
        "type": "Secret Keyword",
        "filename": "sources/orgs/ussyverse/openclawssy/docs/specs/CONFIG.md",
        "hashed_secret": "96133e4265d7a277409c8094e5eff6a41934cf07",
        "is_verified": false,
        "line_number": 95
      },
      {
        "type": "Secret Keyword",
        "filename": "sources/orgs/ussyverse/openclawssy/docs/specs/CONFIG.md",
        "hashed_secret": "fb19e7215bf9a1f30b64f73e6315f9cefec98432",
        "is_verified": false,
        "line_number": 99
      },
      {
        "type": "Secret Keyword",
        "filename": "sources/orgs/ussyverse/openclawssy/docs/specs/CONFIG.md",
        "hashed_secret": "fe168798fa9732541934f42869c03d11932f0b79",
        "is_verified": false,
        "line_number": 103
      },
      {
        "type": "Secret Keyword",
        "filename": "sources/orgs/ussyverse/openclawssy/docs/specs/CONFIG.md",
        "hashed_secret": "5264067a1346e7acfebddbe220bd0369dfe8f3b7",
        "is_verified": false,
        "line_number": 107
      },
      {
        "type": "Secret Keyword",
        "filename": "sources/orgs/ussyverse/openclawssy/docs/specs/CONFIG.md",
        "hashed_secret": "5232ed13a033a662dbc5ef08f006b47957d77b81",
        "is_verified": false,
        "line_number": 111
      }
    ],
    "sources/spec/2026-02-04-agents-skill-breakdown.md": [
      {
        "type": "Hex High Entropy String",
        "filename": "sources/spec/2026-02-04-agents-skill-breakdown.md",
        "hashed_secret": "05482c21e306ae40847017ca10253a04cfffe43a",
        "is_verified": false,
        "line_number": 13
      }
    ],
    "sources/spec/pm2-clj-migration-complete.md": [
      {
        "type": "Hex High Entropy String",
        "filename": "sources/spec/pm2-clj-migration-complete.md",
        "hashed_secret": "91a05ded2bfb70a2931d2daa293d7460cb98f74a",
        "is_verified": false,
        "line_number": 13
      }
    ],
    "sources/spec/web-content-processing-research.md": [
      {
        "type": "Secret Keyword",
        "filename": "sources/spec/web-content-processing-research.md",
        "hashed_secret": "f2b14f68eb995facb3a1c35287b778d5bd785511",
        "is_verified": false,
        "line_number": 84
      }
    ],
    "sources/specs/drafts/guardrail-promptbench-dsl.md": [
      {
        "type": "Hex High Entropy String",
        "filename": "sources/specs/drafts/guardrail-promptbench-dsl.md",
        "hashed_secret": "b4c9248600a42f8c38c01b632f392dbcb4c7b19a",
        "is_verified": false,
        "line_number": 469
      }
    ]
  },
  "generated_at": "2026-03-14T18:38:02Z"
}
